Loading weights:   0%|          | 0/830 [00:00<?, ?it/s]Loading weights:  60%|█████▉    | 495/830 [00:00<00:00, 4939.88it/s]Loading weights: 100%|██████████| 830/830 [00:00<00:00, 4692.23it/s]
{"status": "ok", "index": 0, "audio": "_Uro9suV3xU_130_187.wav", "query": "hair dryer drying", "ground_truth": [[8.1, 10.9]], "raw_answer": "from 8.000s to 11.000s", "prediction": [[8.0, 11.0]], "iou": 0.9333333333333336, "duration_seconds": 57.0, "input_tokens": 2042, "inference_seconds": 1.4893679600208998, "peak_gpu_memory_mib": 16177.73779296875, "benchmark": null, "benchmark_id": null, "category": null, "hardcase_tags": []}
{"status": "ok", "index": 1, "audio": "_Uro9suV3xU_45_135.wav", "query": "hair dryer drying", "ground_truth": [[81.0, 84.8]], "raw_answer": "from 80.802s to 84.159s", "prediction": [[80.802, 84.159]], "iou": 0.7901450725362715, "duration_seconds": 90.0, "input_tokens": 3197, "inference_seconds": 1.088529604487121, "peak_gpu_memory_mib": 16404.68505859375, "benchmark": null, "benchmark_id": null, "category": null, "hardcase_tags": []}
{"status": "ok", "index": 2, "audio": "fTcSVQJ2h8g_0_90.wav", "query": "police car siren", "ground_truth": [[59.0, 65.6]], "raw_answer": "from 58.735s to 66.513s", "prediction": [[58.735, 66.513]], "iou": 0.8485471843661596, "duration_seconds": 90.0, "input_tokens": 3198, "inference_seconds": 1.074642433784902, "peak_gpu_memory_mib": 16404.88427734375, "benchmark": null, "benchmark_id": null, "category": null, "hardcase_tags": []}
{"status": "ok", "index": 3, "audio": "ClTzzGQatXo_30_48.wav", "query": "ambulance siren", "ground_truth": [[0.0, 3.5]], "raw_answer": "from 0.000s to 16.800s", "prediction": [[0.0, 16.8]], "iou": 0.20833333333333331, "duration_seconds": 18.0, "input_tokens": 677, "inference_seconds": 0.6095236940309405, "peak_gpu_memory_mib": 15909.70947265625, "benchmark": null, "benchmark_id": null, "category": null, "hardcase_tags": []}
{"status": "ok", "index": 4, "audio": "eXQYEfqCU08_38_68.wav", "query": "train horning", "ground_truth": [[0.0, 4.0]], "raw_answer": "from 0.000s to 4.000s", "prediction": [[0.0, 4.0]], "iou": 1.0, "duration_seconds": 30.0, "input_tokens": 1097, "inference_seconds": 0.6300821462646127, "peak_gpu_memory_mib": 15991.9404296875, "benchmark": null, "benchmark_id": null, "category": null, "hardcase_tags": []}
{"status": "ok", "index": 5, "audio": "OD54eF2XKJA_0_30.wav", "query": "people cheering", "ground_truth": [[23.8, 30.0]], "raw_answer": "from 23.000s to 25.000s", "prediction": [[23.0, 25.0]], "iou": 0.17142857142857132, "duration_seconds": 30.0, "input_tokens": 1096, "inference_seconds": 0.682517770677805, "peak_gpu_memory_mib": 15991.75244140625, "benchmark": null, "benchmark_id": null, "category": null, "hardcase_tags": []}
{"status": "ok", "index": 6, "audio": "Knhb_BCn5Bc_55_75.wav", "query": "church bell ringing", "ground_truth": [[11.4, 12.6]], "raw_answer": "from 0.000s to 19.957s", "prediction": [[0.0, 19.957]], "iou": 0.060129277947587274, "duration_seconds": 20.0, "input_tokens": 747, "inference_seconds": 0.6051356242969632, "peak_gpu_memory_mib": 15923.4013671875, "benchmark": null, "benchmark_id": null, "category": null, "hardcase_tags": []}
{"status": "ok", "index": 7, "audio": "TP_CVBCc4-U_100_129.wav", "query": "people shouting", "ground_truth": [[12.0, 12.8]], "raw_answer": "from 0.000s to 3.000s, from 6.874s to 10.000s, from 15.902s to 16.902s, from 27.000s to 28.000s", "prediction": [[0.0, 3.0], [6.874, 10.0], [15.902, 16.902], [27.0, 28.0]], "iou": 0.0, "duration_seconds": 29.0, "input_tokens": 1061, "inference_seconds": 2.061323787085712, "peak_gpu_memory_mib": 15984.89501953125, "benchmark": null, "benchmark_id": null, "category": null, "hardcase_tags": []}
{"status": "ok", "index": 8, "audio": "TP_CVBCc4-U_50_110.wav", "query": "people shouting", "ground_truth": [[44.7, 46.9], [6.2, 6.9]], "raw_answer": "from 43.000s to 47.000s, from 57.000s to 59.000s", "prediction": [[43.0, 47.0], [57.0, 59.0]], "iou": 0.3283582089552233, "duration_seconds": 60.0, "input_tokens": 2146, "inference_seconds": 1.3693800335749984, "peak_gpu_memory_mib": 16198.119140625, "benchmark": null, "benchmark_id": null, "category": null, "hardcase_tags": []}
{"status": "ok", "index": 9, "audio": "CljO1-A89-g_0_60.wav", "query": "people clapping", "ground_truth": [[29.9, 32.2]], "raw_answer": "from 30.000s to 32.000s", "prediction": [[30.0, 32.0]], "iou": 0.8695652173913028, "duration_seconds": 60.0, "input_tokens": 2147, "inference_seconds": 0.8776723043993115, "peak_gpu_memory_mib": 16198.31884765625, "benchmark": null, "benchmark_id": null, "category": null, "hardcase_tags": []}
{
  "base": "/root/autodl-tmp/SpotSound-ICASSP/models/audio-flamingo-3-hf",
  "adapter": "/root/autodl-tmp/SpotSound-ICASSP/outputs/reltwin_paper_bridge_20260913/sft_current_seed0/adapter",
  "torch": "2.8.0+cu128",
  "device": "NVIDIA GeForce RTX 4080",
  "prompt_mode": "spotsound",
  "load_seconds": 55.374652825295925,
  "expected_count": 10,
  "completed_count": 10,
  "R1@0.3": 60.0,
  "R1@0.5": 50.0,
  "mIoU": 52.09840199291783,
  "mean_inference_seconds": 1.0488175358623266
}
