Loading weights:   0%|          | 0/830 [00:00<?, ?it/s]Loading weights:  77%|███████▋  | 642/830 [00:00<00:00, 6393.57it/s]Loading weights: 100%|██████████| 830/830 [00:00<00:00, 5884.80it/s]
{"step": 1, "loss": 1.0364062190055847, "grad_norm": 2.5223584175109863, "sft": 0.7592308521270752, "rehearsal": 0.554350733757019}
{"step": 4, "loss": 1.1493310034275055, "grad_norm": 2.9451184272766113, "sft": 0.9279674291610718, "rehearsal": 0.44272714853286743}
{"step": 8, "loss": 1.2670516073703766, "grad_norm": 3.3013906478881836, "sft": 0.9488950073719025, "rehearsal": 0.6363131999969482}
{"step": 12, "loss": 1.1576073467731476, "grad_norm": 3.109926462173462, "sft": 0.8570753335952759, "rehearsal": 0.6010640263557434}
{"step": 16, "loss": 0.9403130859136581, "grad_norm": 2.5588760375976562, "sft": 0.7339639961719513, "rehearsal": 0.4126981794834137}
{"step": 20, "loss": 0.956871509552002, "grad_norm": 5.144289970397949, "sft": 0.6796728074550629, "rehearsal": 0.5543974041938782}
{"step": 24, "loss": 0.8797333538532257, "grad_norm": 4.066048622131348, "sft": 0.588902473449707, "rehearsal": 0.5816617608070374}
{"step": 28, "loss": 1.189650982618332, "grad_norm": 2.660898447036743, "sft": 0.7779098749160767, "rehearsal": 0.8234822154045105}
{"step": 32, "loss": 1.0363784730434418, "grad_norm": 3.553346872329712, "sft": 0.8183363378047943, "rehearsal": 0.4360842704772949}
{"step": 36, "loss": 0.9131552278995514, "grad_norm": 2.9687955379486084, "sft": 0.696762353181839, "rehearsal": 0.4327857494354248}
{"step": 40, "loss": 0.7569669634103775, "grad_norm": 2.8397812843322754, "sft": 0.5335076749324799, "rehearsal": 0.4469185769557953}
{"step": 44, "loss": 1.022031545639038, "grad_norm": 6.756045818328857, "sft": 0.8119874894618988, "rehearsal": 0.42008811235427856}
{"step": 48, "loss": 0.78531813621521, "grad_norm": 3.5604970455169678, "sft": 0.5490473806858063, "rehearsal": 0.4725415110588074}
{"step": 52, "loss": 0.9568195044994354, "grad_norm": 2.6043012142181396, "sft": 0.6697670817375183, "rehearsal": 0.5741048455238342}
{"step": 56, "loss": 0.6953361332416534, "grad_norm": 2.755066394805908, "sft": 0.464094340801239, "rehearsal": 0.46248358488082886}
{"step": 60, "loss": 0.8048678189516068, "grad_norm": 3.580880880355835, "sft": 0.600925087928772, "rehearsal": 0.40788546204566956}
{"step": 64, "loss": 0.6661437004804611, "grad_norm": 2.8642256259918213, "sft": 0.4672822803258896, "rehearsal": 0.39772284030914307}
{"step": 68, "loss": 0.7644266784191132, "grad_norm": 2.568063974380493, "sft": 0.4605899155139923, "rehearsal": 0.6076735258102417}
{"step": 72, "loss": 1.001544401049614, "grad_norm": 4.095239639282227, "sft": 0.6936245709657669, "rehearsal": 0.6158396601676941}
{"step": 76, "loss": 0.9007485955953598, "grad_norm": 2.5806126594543457, "sft": 0.6841156482696533, "rehearsal": 0.43326589465141296}
{"step": 80, "loss": 0.8419670462608337, "grad_norm": 2.5277066230773926, "sft": 0.6353822946548462, "rehearsal": 0.4131695032119751}
{"step": 84, "loss": 0.5926141887903214, "grad_norm": 3.0804574489593506, "sft": 0.3637681305408478, "rehearsal": 0.45769211649894714}
{"step": 88, "loss": 0.37944600731134415, "grad_norm": 2.973217248916626, "sft": 0.2711688131093979, "rehearsal": 0.21655438840389252}
{"step": 92, "loss": 0.6275435090065002, "grad_norm": 3.049924850463867, "sft": 0.4159865975379944, "rehearsal": 0.4231138229370117}
{"step": 96, "loss": 0.47143492847681046, "grad_norm": 2.512791872024536, "sft": 0.33661656826734543, "rehearsal": 0.26963672041893005}
{"step": 100, "loss": 0.7351494133472443, "grad_norm": 2.3630154132843018, "sft": 0.5607922077178955, "rehearsal": 0.3487144112586975}
{"step": 104, "loss": 0.5478040501475334, "grad_norm": 2.517289638519287, "sft": 0.4351024925708771, "rehearsal": 0.22540311515331268}
{"step": 108, "loss": 0.6550279557704926, "grad_norm": 3.169438600540161, "sft": 0.4786438047885895, "rehearsal": 0.35276830196380615}
{"step": 112, "loss": 0.7341778427362442, "grad_norm": 2.3264071941375732, "sft": 0.5854519605636597, "rehearsal": 0.29745176434516907}
{"step": 116, "loss": 0.5248079001903534, "grad_norm": 2.8747386932373047, "sft": 0.38329046964645386, "rehearsal": 0.2830348610877991}
{"step": 120, "loss": 0.4421638324856758, "grad_norm": 2.5311813354492188, "sft": 0.25260455161333084, "rehearsal": 0.37911856174468994}
{"step": 124, "loss": 0.27379804477095604, "grad_norm": 2.4461662769317627, "sft": 0.1549992971122265, "rehearsal": 0.2375974953174591}
{"step": 128, "loss": 0.5451517328619957, "grad_norm": 3.02925181388855, "sft": 0.42589814960956573, "rehearsal": 0.23850716650485992}
{"step": 132, "loss": 0.426407553255558, "grad_norm": 2.2727243900299072, "sft": 0.18785876780748367, "rehearsal": 0.4770975708961487}
{"step": 136, "loss": 0.45993803441524506, "grad_norm": 4.441843032836914, "sft": 0.319821298122406, "rehearsal": 0.2802334725856781}
{"step": 140, "loss": 0.28171034902334213, "grad_norm": 2.496537446975708, "sft": 0.18361523002386093, "rehearsal": 0.1961902379989624}
{"step": 144, "loss": 0.2874641790986061, "grad_norm": 2.1479432582855225, "sft": 0.21438933908939362, "rehearsal": 0.146149680018425}
{"step": 148, "loss": 0.21776482090353966, "grad_norm": 2.050520896911621, "sft": 0.11928050592541695, "rehearsal": 0.19696862995624542}
{"step": 152, "loss": 0.5879926905035973, "grad_norm": 2.8478965759277344, "sft": 0.48318882286548615, "rehearsal": 0.20960773527622223}
{"step": 156, "loss": 0.49216414988040924, "grad_norm": 5.631308555603027, "sft": 0.2814829349517822, "rehearsal": 0.42136242985725403}
{"step": 160, "loss": 0.5447697937488556, "grad_norm": 2.2975640296936035, "sft": 0.2586749196052551, "rehearsal": 0.5721897482872009}
{"step": 164, "loss": 0.2884344980120659, "grad_norm": 2.72573184967041, "sft": 0.21287763118743896, "rehearsal": 0.15111373364925385}
{"step": 168, "loss": 0.5325998142361641, "grad_norm": 1.6310770511627197, "sft": 0.4618169665336609, "rehearsal": 0.1415656954050064}
{"step": 172, "loss": 0.29152072593569756, "grad_norm": 1.8049159049987793, "sft": 0.20395607873797417, "rehearsal": 0.17512929439544678}
{"step": 176, "loss": 0.2656945213675499, "grad_norm": 3.0446791648864746, "sft": 0.2019185647368431, "rehearsal": 0.12755191326141357}
{"step": 180, "loss": 0.23759393766522408, "grad_norm": 3.4271161556243896, "sft": 0.18133147060871124, "rehearsal": 0.11252493411302567}
{"step": 184, "loss": 0.3387792557477951, "grad_norm": 1.9324320554733276, "sft": 0.2396288886666298, "rehearsal": 0.19830073416233063}
{"step": 188, "loss": 0.6136589795351028, "grad_norm": 2.5754733085632324, "sft": 0.5478839576244354, "rehearsal": 0.13155004382133484}
{"step": 192, "loss": 0.12213139981031418, "grad_norm": 1.6526533365249634, "sft": 0.05430363863706589, "rehearsal": 0.13565552234649658}
{"step": 196, "loss": 0.5450379699468613, "grad_norm": 3.294884443283081, "sft": 0.4107067137956619, "rehearsal": 0.2686625123023987}
{"step": 200, "loss": 0.2259686440229416, "grad_norm": 2.0309581756591797, "sft": 0.15168053656816483, "rehearsal": 0.14857621490955353}
{"step": 204, "loss": 0.14479886554181576, "grad_norm": 1.9654502868652344, "sft": 0.05793965421617031, "rehearsal": 0.1737184226512909}
{"step": 208, "loss": 0.2804905166849494, "grad_norm": 2.0978825092315674, "sft": 0.05237801279872656, "rehearsal": 0.4562250077724457}
{"step": 212, "loss": 0.4278339743614197, "grad_norm": 2.1895248889923096, "sft": 0.34800198674201965, "rehearsal": 0.15966397523880005}
{"step": 216, "loss": 0.20171603932976723, "grad_norm": 1.6218657493591309, "sft": 0.08376472070813179, "rehearsal": 0.23590263724327087}
{"step": 220, "loss": 0.09476178511977196, "grad_norm": 1.1184651851654053, "sft": 0.03478163108229637, "rehearsal": 0.11996030807495117}
{"step": 224, "loss": 0.07103834208101034, "grad_norm": 2.28533673286438, "sft": 0.043907019309699535, "rehearsal": 0.05426264554262161}
{"step": 228, "loss": 0.21027849800884724, "grad_norm": 1.9504090547561646, "sft": 0.1856557223945856, "rehearsal": 0.049245551228523254}
{"step": 232, "loss": 0.387765496969223, "grad_norm": 2.0547707080841064, "sft": 0.1681724488735199, "rehearsal": 0.43918609619140625}
{"step": 236, "loss": 0.21091069094836712, "grad_norm": 1.9638056755065918, "sft": 0.0834787916392088, "rehearsal": 0.25486379861831665}
{"step": 240, "loss": 0.23733612895011902, "grad_norm": 2.430222749710083, "sft": 0.1479468271136284, "rehearsal": 0.17877860367298126}
{"step": 244, "loss": 0.10978126525878906, "grad_norm": 0.9985763430595398, "sft": 0.0714854933321476, "rehearsal": 0.07659154385328293}
{"step": 248, "loss": 0.07145753805525601, "grad_norm": 1.4370179176330566, "sft": 0.04279085365124047, "rehearsal": 0.05733336880803108}
{"step": 252, "loss": 0.3205444663763046, "grad_norm": 2.2250826358795166, "sft": 0.2849240079522133, "rehearsal": 0.07124091684818268}
{"step": 256, "loss": 0.13240066077560186, "grad_norm": 2.0261218547821045, "sft": 0.05008607264608145, "rehearsal": 0.16462917625904083}
/root/autodl-tmp/SpotSound-ICASSP/env-conda/lib/python3.10/site-packages/peft/utils/save_and_load.py:295: UserWarning: Could not find a config file in audio-flamingo-3-hf - will assume that the vocabulary was not modified.
  warnings.warn(
{
  "mode": "sft",
  "steps": 256,
  "learning_rate": 5e-06,
  "temperature": 1.0,
  "method_weight": 1.0,
  "exchange_weight": 0.0,
  "rehearsal_weight": 0.5,
  "margin": 0.2,
  "seed": 0,
  "relation_pairs": 512,
  "rehearsal_examples": 512,
  "trainable_parameters": 20185088,
  "elapsed_seconds": 876.2953904271126,
  "peak_gpu_memory_mib": 18645.02001953125,
  "final_event": {
    "step": 256,
    "loss": 0.13240066077560186,
    "grad_norm": 2.0261218547821045,
    "sft": 0.05008607264608145,
    "rehearsal": 0.16462917625904083
  },
  "output_adapter": "/root/autodl-tmp/SpotSound-ICASSP/outputs/reltwin_paper_bridge_20260913/sft_current_seed0/adapter"
}
