Loading weights:   0%|          | 0/830 [00:00<?, ?it/s]Loading weights:  72%|███████▏  | 595/830 [00:00<00:00, 5946.69it/s]Loading weights: 100%|██████████| 830/830 [00:00<00:00, 5318.95it/s]
{"step": 1, "loss": 1.8394149988889694, "grad_norm": 4.873110294342041, "sft": 0.9939183592796326, "candidate_ce": 0.6263227462768555, "exchange_js": 0.007692158222198486, "p_ab_correct": 0.4763541519641876, "p_ba_correct": 0.5998643040657043, "rehearsal": 0.4383476674556732}
{"step": 4, "loss": 1.8640433847904205, "grad_norm": 4.168551921844482, "sft": 0.800647497177124, "candidate_ce": 0.6486408710479736, "exchange_js": 8.672475814819336e-06, "p_ab_correct": 0.5206840634346008, "p_ba_correct": 0.5248358249664307, "rehearsal": 0.8295100331306458}
{"step": 8, "loss": 1.6723011434078217, "grad_norm": 5.364652633666992, "sft": 0.8246700167655945, "candidate_ce": 0.6029037237167358, "exchange_js": 0.005909159779548645, "p_ab_correct": 0.4958515167236328, "p_ba_correct": 0.6039108633995056, "rehearsal": 0.4894549250602722}
{"step": 12, "loss": 2.023386776447296, "grad_norm": 4.525219440460205, "sft": 1.0889346599578857, "candidate_ce": 0.6840424537658691, "exchange_js": 0.0009364485740661621, "p_ab_correct": 0.5266702175140381, "p_ba_correct": 0.4834032654762268, "rehearsal": 0.5008193254470825}
{"step": 16, "loss": 2.2296885550022125, "grad_norm": 5.450829982757568, "sft": 1.235182762145996, "candidate_ce": 0.7090716361999512, "exchange_js": 0.04806064814329147, "p_ab_correct": 0.6692230701446533, "p_ba_correct": 0.36185726523399353, "rehearsal": 0.5708683133125305}
{"step": 20, "loss": 1.8581109046936035, "grad_norm": 3.6956982612609863, "sft": 0.9661047458648682, "candidate_ce": 0.6160037517547607, "exchange_js": 0.001560017466545105, "p_ab_correct": 0.5686426758766174, "p_ba_correct": 0.5129870772361755, "rehearsal": 0.5520048141479492}
{"step": 24, "loss": 1.6121891140937805, "grad_norm": 5.267650604248047, "sft": 0.7051634788513184, "candidate_ce": 0.6515194177627563, "exchange_js": 0.004770070314407349, "p_ab_correct": 0.5722706913948059, "p_ba_correct": 0.47478383779525757, "rehearsal": 0.5110124349594116}
{"step": 28, "loss": 2.072235584259033, "grad_norm": 12.069167137145996, "sft": 1.0042775869369507, "candidate_ce": 0.7050281167030334, "exchange_js": 0.027824178338050842, "p_ab_correct": 0.39046284556388855, "p_ba_correct": 0.6252312064170837, "rehearsal": 0.7258596420288086}
{"step": 32, "loss": 1.711580365896225, "grad_norm": 5.373790264129639, "sft": 0.6993110179901123, "candidate_ce": 0.6106952428817749, "exchange_js": 0.00551198422908783, "p_ab_correct": 0.49324938654899597, "p_ba_correct": 0.5977097749710083, "rehearsal": 0.8031482100486755}
{"step": 36, "loss": 1.749157503247261, "grad_norm": 7.638857841491699, "sft": 0.8003324270248413, "candidate_ce": 0.7015178203582764, "exchange_js": 0.011751770973205566, "p_ab_correct": 0.4251961410045624, "p_ba_correct": 0.5782025456428528, "rehearsal": 0.49461451172828674}
{"step": 40, "loss": 1.6904655992984772, "grad_norm": 5.491159439086914, "sft": 0.8170871734619141, "candidate_ce": 0.6676035523414612, "exchange_js": 0.0024576038122177124, "p_ab_correct": 0.47910481691360474, "p_ba_correct": 0.5491567850112915, "rehearsal": 0.4115498661994934}
{"step": 44, "loss": 1.9809058755636215, "grad_norm": 7.306975841522217, "sft": 1.0967307090759277, "candidate_ce": 0.6488587856292725, "exchange_js": 0.0014556944370269775, "p_ab_correct": 0.5502780675888062, "p_ba_correct": 0.49639371037483215, "rehearsal": 0.47063276171684265}
{"step": 48, "loss": 1.395651414990425, "grad_norm": 5.035648345947266, "sft": 0.5786756277084351, "candidate_ce": 0.619647741317749, "exchange_js": 0.0023729801177978516, "p_ab_correct": 0.5735530257225037, "p_ba_correct": 0.5049021244049072, "rehearsal": 0.39465609192848206}
{"step": 52, "loss": 1.4118479788303375, "grad_norm": 3.0647501945495605, "sft": 0.5382047891616821, "candidate_ce": 0.6774996519088745, "exchange_js": 0.012292340397834778, "p_ab_correct": 0.4356652796268463, "p_ba_correct": 0.5920771360397339, "rehearsal": 0.39228707551956177}
{"step": 56, "loss": 1.6018527448177338, "grad_norm": 4.008249282836914, "sft": 0.6098487973213196, "candidate_ce": 0.6266197562217712, "exchange_js": 0.0002133399248123169, "p_ab_correct": 0.5241925716400146, "p_ba_correct": 0.5447962880134583, "rehearsal": 0.7307683825492859}
{"step": 60, "loss": 1.5842983573675156, "grad_norm": 4.165701389312744, "sft": 0.8070326447486877, "candidate_ce": 0.6006360054016113, "exchange_js": 0.01099066436290741, "p_ab_correct": 0.6269396543502808, "p_ba_correct": 0.479809045791626, "rehearsal": 0.35325953364372253}
{"step": 64, "loss": 1.5835793316364288, "grad_norm": 3.2520368099212646, "sft": 0.6111369729042053, "candidate_ce": 0.6796314716339111, "exchange_js": 0.00042469799518585205, "p_ab_correct": 0.4924432337284088, "p_ba_correct": 0.5215830206871033, "rehearsal": 0.5856218934059143}
{"step": 68, "loss": 1.4922848492860794, "grad_norm": 3.545614242553711, "sft": 0.6630184650421143, "candidate_ce": 0.6408783197402954, "exchange_js": 5.811452865600586e-06, "p_ab_correct": 0.5251207947731018, "p_ba_correct": 0.5285438299179077, "rehearsal": 0.3767761290073395}
{"step": 72, "loss": 1.4276504814624786, "grad_norm": 3.8603365421295166, "sft": 0.44865840673446655, "candidate_ce": 0.6212222576141357, "exchange_js": 8.404254913330078e-06, "p_ab_correct": 0.5393340587615967, "p_ba_correct": 0.535248339176178, "rehearsal": 0.7155395150184631}
{"step": 76, "loss": 1.528761625289917, "grad_norm": 5.18037748336792, "sft": 0.77543705701828, "candidate_ce": 0.5912502408027649, "exchange_js": 0.0015418976545333862, "p_ab_correct": 0.526727020740509, "p_ba_correct": 0.5819169282913208, "rehearsal": 0.32414865493774414}
{"step": 80, "loss": 1.4194555133581161, "grad_norm": 5.941793441772461, "sft": 0.5597244501113892, "candidate_ce": 0.6108099222183228, "exchange_js": 0.004303142428398132, "p_ab_correct": 0.4987066090106964, "p_ba_correct": 0.5910334587097168, "rehearsal": 0.49784228205680847}
{"step": 84, "loss": 1.397384062409401, "grad_norm": 3.8862075805664062, "sft": 0.53656405210495, "candidate_ce": 0.6345043182373047, "exchange_js": 0.004218116402626038, "p_ab_correct": 0.486376017332077, "p_ba_correct": 0.5779687762260437, "rehearsal": 0.45263126492500305}
{"step": 88, "loss": 1.2064308822154999, "grad_norm": 2.905076742172241, "sft": 0.2593468129634857, "candidate_ce": 0.6782877445220947, "exchange_js": 0.0012408792972564697, "p_ab_correct": 0.5329957604408264, "p_ba_correct": 0.48319563269615173, "rehearsal": 0.5375925898551941}
{"step": 92, "loss": 1.5459674894809723, "grad_norm": 4.351343631744385, "sft": 0.5653976798057556, "candidate_ce": 0.6627255082130432, "exchange_js": 0.008612066507339478, "p_ab_correct": 0.5850614905357361, "p_ba_correct": 0.4541114270687103, "rehearsal": 0.6356886029243469}
{"step": 96, "loss": 1.2702478170394897, "grad_norm": 3.567918062210083, "sft": 0.42852768301963806, "candidate_ce": 0.6672280430793762, "exchange_js": 0.0003282278776168823, "p_ab_correct": 0.5004828572273254, "p_ba_correct": 0.5260946154594421, "rehearsal": 0.3489842414855957}
{"step": 100, "loss": 1.2010809481143951, "grad_norm": 4.035682678222656, "sft": 0.2550591826438904, "candidate_ce": 0.6642471551895142, "exchange_js": 0.0007399618625640869, "p_ab_correct": 0.49579566717147827, "p_ba_correct": 0.5342438817024231, "rehearsal": 0.5635492205619812}
{"step": 104, "loss": 1.2841144502162933, "grad_norm": 2.3967373371124268, "sft": 0.41758430004119873, "candidate_ce": 0.6881495714187622, "exchange_js": 0.012335732579231262, "p_ab_correct": 0.43021631240844727, "p_ba_correct": 0.586940348148346, "rehearsal": 0.3567611575126648}
{"step": 108, "loss": 1.4665868282318115, "grad_norm": 2.714244842529297, "sft": 0.646875262260437, "candidate_ce": 0.6573396921157837, "exchange_js": 0.0017627030611038208, "p_ab_correct": 0.4894184470176697, "p_ba_correct": 0.5487337112426758, "rehearsal": 0.32474374771118164}
{"step": 112, "loss": 1.309602439403534, "grad_norm": 2.5488550662994385, "sft": 0.333100825548172, "candidate_ce": 0.6768076419830322, "exchange_js": 0.017428144812583923, "p_ab_correct": 0.42365601658821106, "p_ba_correct": 0.6097039580345154, "rehearsal": 0.5993880033493042}
{"step": 116, "loss": 1.2439891546964645, "grad_norm": 3.279383897781372, "sft": 0.4270053505897522, "candidate_ce": 0.6538901925086975, "exchange_js": 0.0002468526363372803, "p_ab_correct": 0.509036660194397, "p_ba_correct": 0.5312379598617554, "rehearsal": 0.32618722319602966}
{"step": 120, "loss": 1.0890357494354248, "grad_norm": 4.3218183517456055, "sft": 0.2864473760128021, "candidate_ce": 0.6056278944015503, "exchange_js": 0.0003392547369003296, "p_ab_correct": 0.5588536858558655, "p_ba_correct": 0.5329177975654602, "rehearsal": 0.3939208984375}
{"step": 124, "loss": 1.3804198503494263, "grad_norm": 3.8255186080932617, "sft": 0.44759005308151245, "candidate_ce": 0.679620623588562, "exchange_js": 0.003074750304222107, "p_ab_correct": 0.46913784742355347, "p_ba_correct": 0.5475056767463684, "rehearsal": 0.5064184665679932}
{"step": 128, "loss": 1.0453161001205444, "grad_norm": 3.7657227516174316, "sft": 0.24471473693847656, "candidate_ce": 0.6351100206375122, "exchange_js": 0.0038093924522399902, "p_ab_correct": 0.5751888751983643, "p_ba_correct": 0.4881350100040436, "rehearsal": 0.33098268508911133}
{"step": 132, "loss": 1.0472027510404587, "grad_norm": 3.0216219425201416, "sft": 0.24278734624385834, "candidate_ce": 0.6399405002593994, "exchange_js": 0.005684718489646912, "p_ab_correct": 0.4768308401107788, "p_ba_correct": 0.5831636190414429, "rehearsal": 0.32894977927207947}
{"step": 136, "loss": 1.0074243769049644, "grad_norm": 4.403511047363281, "sft": 0.28587567806243896, "candidate_ce": 0.6128357648849487, "exchange_js": 0.008395016193389893, "p_ab_correct": 0.4812047779560089, "p_ba_correct": 0.6100531816482544, "rehearsal": 0.2174258679151535}
{"step": 140, "loss": 1.1384752616286278, "grad_norm": 5.2202839851379395, "sft": 0.4492664337158203, "candidate_ce": 0.6192686557769775, "exchange_js": 2.9653310775756836e-05, "p_ab_correct": 0.5345104932785034, "p_ba_correct": 0.5421929955482483, "rehearsal": 0.13988034427165985}
{"step": 144, "loss": 1.101617693901062, "grad_norm": 4.033298015594482, "sft": 0.2829987406730652, "candidate_ce": 0.6629172563552856, "exchange_js": 0.0013771653175354004, "p_ab_correct": 0.48979106545448303, "p_ba_correct": 0.5422337055206299, "rehearsal": 0.31140339374542236}
{"step": 148, "loss": 0.9897987842559814, "grad_norm": 3.585340976715088, "sft": 0.2857409119606018, "candidate_ce": 0.6039100289344788, "exchange_js": 0.0015455782413482666, "p_ab_correct": 0.5197030305862427, "p_ba_correct": 0.5750361680984497, "rehearsal": 0.20029568672180176}
{"step": 152, "loss": 1.2955174446105957, "grad_norm": 4.0869879722595215, "sft": 0.3964502811431885, "candidate_ce": 0.6531790494918823, "exchange_js": 0.04527481645345688, "p_ab_correct": 0.6900053024291992, "p_ba_correct": 0.39246731996536255, "rehearsal": 0.4917762279510498}
{"step": 156, "loss": 1.3074082136154175, "grad_norm": 4.126242160797119, "sft": 0.4365629255771637, "candidate_ce": 0.6102172136306763, "exchange_js": 0.004152625799179077, "p_ab_correct": 0.49977409839630127, "p_ba_correct": 0.5904706716537476, "rehearsal": 0.5212562084197998}
{"step": 160, "loss": 1.0942966938018799, "grad_norm": 5.316666603088379, "sft": 0.35912567377090454, "candidate_ce": 0.5403403639793396, "exchange_js": 0.009016230702400208, "p_ab_correct": 0.520255982875824, "p_ba_correct": 0.6523028612136841, "rehearsal": 0.3896613121032715}
{"step": 164, "loss": 0.8109100610017776, "grad_norm": 3.0785727500915527, "sft": 0.13100439310073853, "candidate_ce": 0.5467530488967896, "exchange_js": 0.0013719499111175537, "p_ab_correct": 0.553550660610199, "p_ba_correct": 0.6052558422088623, "rehearsal": 0.26630523800849915}
{"step": 168, "loss": 0.8159500956535339, "grad_norm": 2.4221181869506836, "sft": 0.17788249254226685, "candidate_ce": 0.5561765432357788, "exchange_js": 0.008395195007324219, "p_ab_correct": 0.5130302906036377, "p_ba_correct": 0.6408674120903015, "rehearsal": 0.16378211975097656}
{"step": 172, "loss": 1.2945570200681686, "grad_norm": 4.066748142242432, "sft": 0.5132558345794678, "candidate_ce": 0.5850147008895874, "exchange_js": 2.4959444999694824e-05, "p_ab_correct": 0.5535960793495178, "p_ba_correct": 0.560621440410614, "rehearsal": 0.39257296919822693}
{"step": 176, "loss": 1.16439551115036, "grad_norm": 6.67311954498291, "sft": 0.45614612102508545, "candidate_ce": 0.6103596687316895, "exchange_js": 0.013962611556053162, "p_ab_correct": 0.4665091037750244, "p_ba_correct": 0.6323946714401245, "rehearsal": 0.1957794427871704}
{"step": 180, "loss": 1.2324565052986145, "grad_norm": 3.231759548187256, "sft": 0.4101228713989258, "candidate_ce": 0.5522911548614502, "exchange_js": 0.015811890363693237, "p_ab_correct": 0.49478721618652344, "p_ba_correct": 0.6696802973747253, "rehearsal": 0.540084958076477}
{"step": 184, "loss": 1.2261539995670319, "grad_norm": 2.8854198455810547, "sft": 0.35461294651031494, "candidate_ce": 0.5763479471206665, "exchange_js": 0.013648226857185364, "p_ab_correct": 0.6494900584220886, "p_ba_correct": 0.4862034320831299, "rehearsal": 0.5903862118721008}
{"step": 188, "loss": 1.3095627129077911, "grad_norm": 3.40718674659729, "sft": 0.42910853028297424, "candidate_ce": 0.6136502623558044, "exchange_js": 0.012522801756858826, "p_ab_correct": 0.6256552338600159, "p_ba_correct": 0.46844109892845154, "rehearsal": 0.5336077809333801}
{"step": 192, "loss": 1.1332358792424202, "grad_norm": 4.0881571769714355, "sft": 0.4678255319595337, "candidate_ce": 0.544643759727478, "exchange_js": 1.296401023864746e-06, "p_ab_correct": 0.5808418989181519, "p_ba_correct": 0.5792559385299683, "rehearsal": 0.24153317511081696}
{"step": 196, "loss": 1.1726897954940796, "grad_norm": 4.543482303619385, "sft": 0.3897225856781006, "candidate_ce": 0.5066315531730652, "exchange_js": 0.0009135007858276367, "p_ab_correct": 0.58197420835495, "p_ba_correct": 0.6237947344779968, "rehearsal": 0.5526713132858276}
{"step": 200, "loss": 1.1739951074123383, "grad_norm": 3.619415521621704, "sft": 0.3884129226207733, "candidate_ce": 0.5556360483169556, "exchange_js": 0.00010558962821960449, "p_ab_correct": 0.5665654540061951, "p_ba_correct": 0.580938994884491, "rehearsal": 0.459892213344574}
{"step": 204, "loss": 0.8720183596014977, "grad_norm": 6.453650951385498, "sft": 0.2731328010559082, "candidate_ce": 0.5352253317832947, "exchange_js": 0.00028014183044433594, "p_ab_correct": 0.573992908000946, "p_ba_correct": 0.5973139405250549, "rehearsal": 0.12732045352458954}
{"step": 208, "loss": 0.6692000776529312, "grad_norm": 2.085204601287842, "sft": 0.05949182063341141, "candidate_ce": 0.524699330329895, "exchange_js": 0.0007456988096237183, "p_ab_correct": 0.5730605125427246, "p_ba_correct": 0.6110143661499023, "rehearsal": 0.17001786828041077}
{"step": 212, "loss": 1.0470818430185318, "grad_norm": 3.1814796924591064, "sft": 0.3693896532058716, "candidate_ce": 0.5185995697975159, "exchange_js": 0.003759518265724182, "p_ab_correct": 0.6393730640411377, "p_ba_correct": 0.5543649792671204, "rehearsal": 0.3181852400302887}
{"step": 216, "loss": 0.6482175849378109, "grad_norm": 2.195711135864258, "sft": 0.10178732872009277, "candidate_ce": 0.4884546995162964, "exchange_js": 1.2785196304321289e-05, "p_ab_correct": 0.6160419583320618, "p_ba_correct": 0.6111155152320862, "rehearsal": 0.11595111340284348}
{"step": 220, "loss": 0.7860724478960037, "grad_norm": 3.9011895656585693, "sft": 0.08134249597787857, "candidate_ce": 0.637466549873352, "exchange_js": 0.002798616886138916, "p_ab_correct": 0.5672683119773865, "p_ba_correct": 0.4926234185695648, "rehearsal": 0.13452675938606262}
{"step": 224, "loss": 0.6880165636539459, "grad_norm": 2.333608627319336, "sft": 0.12449745833873749, "candidate_ce": 0.47038114070892334, "exchange_js": 0.0023190826177597046, "p_ab_correct": 0.5926885604858398, "p_ba_correct": 0.6585754752159119, "rehearsal": 0.1862758994102478}
{"step": 228, "loss": 0.9010733217000961, "grad_norm": 4.569681167602539, "sft": 0.16483880579471588, "candidate_ce": 0.4981127977371216, "exchange_js": 0.0002241283655166626, "p_ab_correct": 0.6180997490882874, "p_ba_correct": 0.5974287986755371, "rehearsal": 0.4762434661388397}
{"step": 232, "loss": 0.8696199208498001, "grad_norm": 6.912589073181152, "sft": 0.2859512269496918, "candidate_ce": 0.5133588314056396, "exchange_js": 0.0005949586629867554, "p_ab_correct": 0.6156268119812012, "p_ba_correct": 0.5818146467208862, "rehearsal": 0.1406196653842926}
{"step": 236, "loss": 0.6616620123386383, "grad_norm": 2.976198434829712, "sft": 0.09579123556613922, "candidate_ce": 0.4613853693008423, "exchange_js": 7.957220077514648e-06, "p_ab_correct": 0.6284797787666321, "p_ba_correct": 0.6323455572128296, "rehearsal": 0.208970844745636}
{"step": 240, "loss": 0.8457374796271324, "grad_norm": 6.350221633911133, "sft": 0.17832905054092407, "candidate_ce": 0.6050379276275635, "exchange_js": 0.008589610457420349, "p_ab_correct": 0.4848119914531708, "p_ba_correct": 0.6150315403938293, "rehearsal": 0.12474100291728973}
{"step": 244, "loss": 0.619779959321022, "grad_norm": 2.9756247997283936, "sft": 0.09489501267671585, "candidate_ce": 0.45987048745155334, "exchange_js": 0.0004105120897293091, "p_ab_correct": 0.6453378796577454, "p_ba_correct": 0.6176954507827759, "rehearsal": 0.1300288736820221}
{"step": 248, "loss": 0.8464095592498779, "grad_norm": 2.935209035873413, "sft": 0.04977753013372421, "candidate_ce": 0.4474208950996399, "exchange_js": 0.0004377514123916626, "p_ab_correct": 0.6536381840705872, "p_ba_correct": 0.6252269744873047, "rehearsal": 0.6984222531318665}
{"step": 252, "loss": 0.9914092794060707, "grad_norm": 3.450106143951416, "sft": 0.3927609920501709, "candidate_ce": 0.49835699796676636, "exchange_js": 0.03586094081401825, "p_ab_correct": 0.7499942183494568, "p_ba_correct": 0.49212417006492615, "rehearsal": 0.2005825787782669}
{"step": 256, "loss": 0.6006996855139732, "grad_norm": 2.736952066421509, "sft": 0.05079425871372223, "candidate_ce": 0.4816463887691498, "exchange_js": 0.00024424493312835693, "p_ab_correct": 0.6071199774742126, "p_ba_correct": 0.6285976767539978, "rehearsal": 0.13651804625988007}
/root/autodl-tmp/SpotSound-ICASSP/env-conda/lib/python3.10/site-packages/peft/utils/save_and_load.py:295: UserWarning: Could not find a config file in audio-flamingo-3-hf - will assume that the vocabulary was not modified.
  warnings.warn(
{
  "mode": "rbee",
  "steps": 256,
  "learning_rate": 5e-06,
  "temperature": 1.0,
  "method_weight": 1.0,
  "exchange_weight": 0.0,
  "rehearsal_weight": 0.5,
  "margin": 0.2,
  "seed": 2,
  "relation_pairs": 512,
  "rehearsal_examples": 512,
  "trainable_parameters": 20185088,
  "elapsed_seconds": 1736.8253655368462,
  "peak_gpu_memory_mib": 18645.03466796875,
  "final_event": {
    "step": 256,
    "loss": 0.6006996855139732,
    "grad_norm": 2.736952066421509,
    "sft": 0.05079425871372223,
    "candidate_ce": 0.4816463887691498,
    "exchange_js": 0.00024424493312835693,
    "p_ab_correct": 0.6071199774742126,
    "p_ba_correct": 0.6285976767539978,
    "rehearsal": 0.13651804625988007
  },
  "output_adapter": "/root/autodl-tmp/SpotSound-ICASSP/outputs/reltwin_review_controls_20260912/no_exchange_seed2/adapter"
}
