Loading weights:   0%|          | 0/830 [00:00<?, ?it/s]Loading weights:  59%|█████▉    | 492/830 [00:00<00:00, 4918.36it/s]Loading weights: 100%|██████████| 830/830 [00:00<00:00, 4369.43it/s]
{"step": 1, "loss": 1.7021398544311523, "grad_norm": 3.142758369445801, "sft": 0.756055474281311, "candidate_ce": 0.6672552824020386, "exchange_js": 0.015722885727882385, "p_ab_correct": 0.43231201171875, "p_ba_correct": 0.6090208292007446, "rehearsal": 0.5576581954956055}
{"step": 4, "loss": 1.8561148643493652, "grad_norm": 3.102980375289917, "sft": 0.9414232969284058, "candidate_ce": 0.6903658509254456, "exchange_js": 0.0030586719512939453, "p_ab_correct": 0.5419998168945312, "p_ba_correct": 0.4638277292251587, "rehearsal": 0.4486513137817383}
{"step": 8, "loss": 1.9431820213794708, "grad_norm": 3.4837300777435303, "sft": 0.9517430067062378, "candidate_ce": 0.6759722232818604, "exchange_js": 0.00853419303894043, "p_ab_correct": 0.44761624932289124, "p_ba_correct": 0.578032374382019, "rehearsal": 0.6309335827827454}
{"step": 12, "loss": 1.8695180714130402, "grad_norm": 3.5968270301818848, "sft": 0.8773338794708252, "candidate_ce": 0.6820382475852966, "exchange_js": 0.0035410523414611816, "p_ab_correct": 0.5493794083595276, "p_ba_correct": 0.46528249979019165, "rehearsal": 0.6202917695045471}
{"step": 16, "loss": 1.5985891073942184, "grad_norm": 2.7209863662719727, "sft": 0.7370737195014954, "candidate_ce": 0.6589806079864502, "exchange_js": 0.002478986978530884, "p_ab_correct": 0.48340463638305664, "p_ba_correct": 0.5537400245666504, "rehearsal": 0.4050696790218353}
{"step": 20, "loss": 1.6153221130371094, "grad_norm": 3.9752795696258545, "sft": 0.722919225692749, "candidate_ce": 0.6227342486381531, "exchange_js": 0.006329938769340515, "p_ab_correct": 0.4833703637123108, "p_ba_correct": 0.5954151749610901, "rehearsal": 0.539337158203125}
{"step": 24, "loss": 1.4928462207317352, "grad_norm": 4.4400529861450195, "sft": 0.5847502946853638, "candidate_ce": 0.6188139915466309, "exchange_js": 0.0017425864934921265, "p_ab_correct": 0.5099679827690125, "p_ba_correct": 0.5688033103942871, "rehearsal": 0.5785638689994812}
{"step": 28, "loss": 1.8500504791736603, "grad_norm": 3.429131269454956, "sft": 0.7867026329040527, "candidate_ce": 0.6498388051986694, "exchange_js": 0.004510626196861267, "p_ab_correct": 0.5716750621795654, "p_ba_correct": 0.47687867283821106, "rehearsal": 0.8270180821418762}
{"step": 32, "loss": 1.6988777369260788, "grad_norm": 4.501672744750977, "sft": 0.8351556658744812, "candidate_ce": 0.6490708589553833, "exchange_js": 0.00025835633277893066, "p_ab_correct": 0.5340073108673096, "p_ba_correct": 0.5113013982772827, "rehearsal": 0.42930254340171814}
{"step": 36, "loss": 1.6217148154973984, "grad_norm": 4.014882564544678, "sft": 0.7322971224784851, "candidate_ce": 0.6734769940376282, "exchange_js": 0.0016447603702545166, "p_ab_correct": 0.482074499130249, "p_ba_correct": 0.5394003391265869, "rehearsal": 0.4318813979625702}
{"step": 40, "loss": 1.405037447810173, "grad_norm": 3.608593463897705, "sft": 0.54725182056427, "candidate_ce": 0.6235387325286865, "exchange_js": 0.0008016973733901978, "p_ab_correct": 0.5164499878883362, "p_ba_correct": 0.5563817620277405, "rehearsal": 0.468493789434433}
{"step": 44, "loss": 1.768482357263565, "grad_norm": 5.805802345275879, "sft": 0.9154170751571655, "candidate_ce": 0.6302253007888794, "exchange_js": 0.0018751323223114014, "p_ab_correct": 0.5028053522109985, "p_ba_correct": 0.5638887286186218, "rehearsal": 0.4456799626350403}
{"step": 48, "loss": 1.4332847595214844, "grad_norm": 5.399905204772949, "sft": 0.5783801078796387, "candidate_ce": 0.618353545665741, "exchange_js": 1.169741153717041e-05, "p_ab_correct": 0.5364258289337158, "p_ba_correct": 0.5412466526031494, "rehearsal": 0.4731020927429199}
{"step": 52, "loss": 1.6570820808410645, "grad_norm": 3.1339340209960938, "sft": 0.6891334056854248, "candidate_ce": 0.6696349382400513, "exchange_js": 0.0002442300319671631, "p_ab_correct": 0.5230617523193359, "p_ba_correct": 0.5009675025939941, "rehearsal": 0.5966274738311768}
{"step": 56, "loss": 1.378760889172554, "grad_norm": 4.272719860076904, "sft": 0.507826030254364, "candidate_ce": 0.6383506059646606, "exchange_js": 0.003881514072418213, "p_ab_correct": 0.4860418736934662, "p_ba_correct": 0.5739340782165527, "rehearsal": 0.46516862511634827}
{"step": 60, "loss": 1.5702508836984634, "grad_norm": 5.564425468444824, "sft": 0.6624687910079956, "candidate_ce": 0.7001504898071289, "exchange_js": 0.019799351692199707, "p_ab_correct": 0.605474591255188, "p_ba_correct": 0.4071562588214874, "rehearsal": 0.41526320576667786}
{"step": 64, "loss": 1.2965160757303238, "grad_norm": 3.251464366912842, "sft": 0.5016240477561951, "candidate_ce": 0.5904885530471802, "exchange_js": 0.0008946061134338379, "p_ab_correct": 0.5334346294403076, "p_ba_correct": 0.5754756331443787, "rehearsal": 0.40880706906318665}
{"step": 68, "loss": 1.4820148050785065, "grad_norm": 5.562241077423096, "sft": 0.5133436918258667, "candidate_ce": 0.662598729133606, "exchange_js": 0.014841750264167786, "p_ab_correct": 0.6084491610527039, "p_ba_correct": 0.43676701188087463, "rehearsal": 0.6121447682380676}
{"step": 72, "loss": 1.64409339427948, "grad_norm": 4.799474239349365, "sft": 0.7375386357307434, "candidate_ce": 0.5932438373565674, "exchange_js": 0.013551950454711914, "p_ab_correct": 0.6400734782218933, "p_ba_correct": 0.47696352005004883, "rehearsal": 0.6266219615936279}
{"step": 76, "loss": 1.5964349061250687, "grad_norm": 5.604640960693359, "sft": 0.7140694260597229, "candidate_ce": 0.6482387781143188, "exchange_js": 0.0008207708597183228, "p_ab_correct": 0.5435901284217834, "p_ba_correct": 0.5031244158744812, "rehearsal": 0.4682532846927643}
{"step": 80, "loss": 1.4900730550289154, "grad_norm": 3.3066093921661377, "sft": 0.6609177589416504, "candidate_ce": 0.6073912978172302, "exchange_js": 0.0026426613330841064, "p_ab_correct": 0.5821501016616821, "p_ba_correct": 0.5097904205322266, "rehearsal": 0.44352787733078003}
{"step": 84, "loss": 1.317022681236267, "grad_norm": 3.5382232666015625, "sft": 0.39334094524383545, "candidate_ce": 0.6882732510566711, "exchange_js": 0.003459617495536804, "p_ab_correct": 0.5457247495651245, "p_ba_correct": 0.46259382367134094, "rehearsal": 0.47081685066223145}
{"step": 88, "loss": 1.025344341993332, "grad_norm": 3.753408193588257, "sft": 0.29512807726860046, "candidate_ce": 0.6038061380386353, "exchange_js": 0.00042769312858581543, "p_ab_correct": 0.5614789128303528, "p_ba_correct": 0.532362163066864, "rehearsal": 0.2528201937675476}
{"step": 92, "loss": 1.3811630606651306, "grad_norm": 4.16115140914917, "sft": 0.4802336096763611, "candidate_ce": 0.6816102862358093, "exchange_js": 0.0038654357194900513, "p_ab_correct": 0.5516351461410522, "p_ba_correct": 0.46377667784690857, "rehearsal": 0.4386383295059204}
{"step": 96, "loss": 1.1164587140083313, "grad_norm": 3.006538152694702, "sft": 0.3877095580101013, "candidate_ce": 0.571599006652832, "exchange_js": 0.007056877017021179, "p_ab_correct": 0.6264528036117554, "p_ba_correct": 0.5088937282562256, "rehearsal": 0.3143002986907959}
{"step": 100, "loss": 1.4696622341871262, "grad_norm": 3.6026864051818848, "sft": 0.628352165222168, "candidate_ce": 0.6568121910095215, "exchange_js": 0.0001185983419418335, "p_ab_correct": 0.5108656287193298, "p_ba_correct": 0.5262516736984253, "rehearsal": 0.3689957559108734}
{"step": 104, "loss": 1.2398429363965988, "grad_norm": 3.3238043785095215, "sft": 0.46070340275764465, "candidate_ce": 0.6449151039123535, "exchange_js": 0.001207694411277771, "p_ab_correct": 0.5007432699203491, "p_ba_correct": 0.5498178005218506, "rehearsal": 0.26844891905784607}
{"step": 108, "loss": 1.349532276391983, "grad_norm": 3.5496957302093506, "sft": 0.5833030939102173, "candidate_ce": 0.5711658596992493, "exchange_js": 0.0029703080654144287, "p_ab_correct": 0.6043343544006348, "p_ba_correct": 0.5279762148857117, "rehearsal": 0.3901265263557434}
{"step": 112, "loss": 1.3949006348848343, "grad_norm": 3.3666908740997314, "sft": 0.6380412578582764, "candidate_ce": 0.5888888835906982, "exchange_js": 0.0007439106702804565, "p_ab_correct": 0.5361090302467346, "p_ba_correct": 0.5744397640228271, "rehearsal": 0.33594098687171936}
{"step": 116, "loss": 1.2526205331087112, "grad_norm": 3.215635299682617, "sft": 0.43124428391456604, "candidate_ce": 0.6603808403015137, "exchange_js": 1.4901161193847656e-07, "p_ab_correct": 0.5168853998184204, "p_ba_correct": 0.5164238214492798, "rehearsal": 0.32199087738990784}
{"step": 120, "loss": 1.169118955731392, "grad_norm": 3.547597646713257, "sft": 0.3120494484901428, "candidate_ce": 0.6516885757446289, "exchange_js": 0.00490395724773407, "p_ab_correct": 0.5729250311851501, "p_ba_correct": 0.4740811288356781, "rehearsal": 0.41076186299324036}
{"step": 124, "loss": 0.932041272521019, "grad_norm": 3.9013006687164307, "sft": 0.2155270278453827, "candidate_ce": 0.5712720155715942, "exchange_js": 0.0005063861608505249, "p_ab_correct": 0.580801784992218, "p_ba_correct": 0.5492517948150635, "rehearsal": 0.29048439860343933}
{"step": 128, "loss": 1.2574021071195602, "grad_norm": 3.8949692249298096, "sft": 0.4612600803375244, "candidate_ce": 0.6375769972801208, "exchange_js": 0.003729909658432007, "p_ab_correct": 0.4872458577156067, "p_ba_correct": 0.5734023451805115, "rehearsal": 0.3171299397945404}
{"step": 132, "loss": 1.116083711385727, "grad_norm": 4.001255035400391, "sft": 0.26595741510391235, "candidate_ce": 0.5904390811920166, "exchange_js": 7.671117782592773e-05, "p_ab_correct": 0.5602769255638123, "p_ba_correct": 0.5479595065116882, "rehearsal": 0.519374430179596}
{"step": 136, "loss": 1.1162378638982773, "grad_norm": 8.25412368774414, "sft": 0.36681777238845825, "candidate_ce": 0.5874160528182983, "exchange_js": 0.004450023174285889, "p_ab_correct": 0.5109121799468994, "p_ba_correct": 0.6045477986335754, "rehearsal": 0.3240080773830414}
{"step": 140, "loss": 0.9247037619352341, "grad_norm": 3.7851438522338867, "sft": 0.20571716129779816, "candidate_ce": 0.5917981863021851, "exchange_js": 6.517767906188965e-05, "p_ab_correct": 0.5590360164642334, "p_ba_correct": 0.5476850271224976, "rehearsal": 0.2543768584728241}
{"step": 144, "loss": 0.9485678598284721, "grad_norm": 3.576247453689575, "sft": 0.28833889961242676, "candidate_ce": 0.564303994178772, "exchange_js": 0.0004165917634963989, "p_ab_correct": 0.5546420812606812, "p_ba_correct": 0.5832288265228271, "rehearsal": 0.19184993207454681}
{"step": 148, "loss": 0.8303310424089432, "grad_norm": 2.5422112941741943, "sft": 0.15116195380687714, "candidate_ce": 0.5621315240859985, "exchange_js": 0.0002608448266983032, "p_ab_correct": 0.5587988495826721, "p_ba_correct": 0.5814110636711121, "rehearsal": 0.23407509922981262}
{"step": 152, "loss": 1.3413077592849731, "grad_norm": 5.065335273742676, "sft": 0.5837849378585815, "candidate_ce": 0.6310697793960571, "exchange_js": 0.009862884879112244, "p_ab_correct": 0.4666789770126343, "p_ba_correct": 0.6065149903297424, "rehearsal": 0.25290608406066895}
{"step": 156, "loss": 1.123380109667778, "grad_norm": 5.407998561859131, "sft": 0.3174190819263458, "candidate_ce": 0.5618107914924622, "exchange_js": 0.015559926629066467, "p_ab_correct": 0.48985180258750916, "p_ba_correct": 0.6636707186698914, "rehearsal": 0.4883004128932953}
{"step": 160, "loss": 1.279896467924118, "grad_norm": 3.4094762802124023, "sft": 0.33380186557769775, "candidate_ce": 0.6384102702140808, "exchange_js": 0.0012055188417434692, "p_ab_correct": 0.5041940212249756, "p_ba_correct": 0.5532050728797913, "rehearsal": 0.615368664264679}
{"step": 164, "loss": 0.9763891398906708, "grad_norm": 4.1039934158325195, "sft": 0.28437402844429016, "candidate_ce": 0.5710309147834778, "exchange_js": 0.000444263219833374, "p_ab_correct": 0.5503602623939514, "p_ba_correct": 0.5799115300178528, "rehearsal": 0.2419683337211609}
{"step": 168, "loss": 1.1052356585860252, "grad_norm": 2.823507308959961, "sft": 0.4807887375354767, "candidate_ce": 0.5260672569274902, "exchange_js": 0.0041184574365615845, "p_ab_correct": 0.6371608972549438, "p_ba_correct": 0.5480430722236633, "rehearsal": 0.1967593878507614}
{"step": 172, "loss": 0.8930112347006798, "grad_norm": 2.755342721939087, "sft": 0.22071272134780884, "candidate_ce": 0.5514704585075378, "exchange_js": 0.0035552233457565308, "p_ab_correct": 0.5359802842140198, "p_ba_correct": 0.6192272305488586, "rehearsal": 0.2416561096906662}
{"step": 176, "loss": 0.8421857357025146, "grad_norm": 5.0070013999938965, "sft": 0.26433080434799194, "candidate_ce": 0.48401278257369995, "exchange_js": 0.0008799582719802856, "p_ab_correct": 0.5962499380111694, "p_ba_correct": 0.6370353102684021, "rehearsal": 0.1876842975616455}
{"step": 180, "loss": 0.8820098042488098, "grad_norm": 9.627240180969238, "sft": 0.22616009414196014, "candidate_ce": 0.5717512965202332, "exchange_js": 0.004717126488685608, "p_ab_correct": 0.5184886455535889, "p_ba_correct": 0.6146726012229919, "rehearsal": 0.16819679737091064}
{"step": 184, "loss": 1.0839089304208755, "grad_norm": 3.06768536567688, "sft": 0.29394781589508057, "candidate_ce": 0.638642430305481, "exchange_js": 0.007162824273109436, "p_ab_correct": 0.47171342372894287, "p_ba_correct": 0.5910224914550781, "rehearsal": 0.30263736844062805}
{"step": 188, "loss": 1.1702017188072205, "grad_norm": 3.7593743801116943, "sft": 0.5662553310394287, "candidate_ce": 0.5174559354782104, "exchange_js": 0.0009103268384933472, "p_ab_correct": 0.6173332333564758, "p_ba_correct": 0.5754715204238892, "rehearsal": 0.1729809045791626}
{"step": 192, "loss": 0.6707523465156555, "grad_norm": 2.4565751552581787, "sft": 0.06970225274562836, "candidate_ce": 0.5023428797721863, "exchange_js": 0.00023102760314941406, "p_ab_correct": 0.6157076954841614, "p_ba_correct": 0.5946972370147705, "rehearsal": 0.19741439819335938}
{"step": 196, "loss": 1.2081632614135742, "grad_norm": 6.318224906921387, "sft": 0.4834940731525421, "candidate_ce": 0.5731264352798462, "exchange_js": 0.004523947834968567, "p_ab_correct": 0.6128344535827637, "p_ba_correct": 0.5186154842376709, "rehearsal": 0.3030855655670166}
{"step": 200, "loss": 0.9102927073836327, "grad_norm": 5.789222717285156, "sft": 0.23140615224838257, "candidate_ce": 0.589835524559021, "exchange_js": 3.7357211112976074e-05, "p_ab_correct": 0.5501372218132019, "p_ba_correct": 0.5587329864501953, "rehearsal": 0.1781020611524582}
{"step": 204, "loss": 0.7022211700677872, "grad_norm": 3.2070364952087402, "sft": 0.06618501245975494, "candidate_ce": 0.5345026254653931, "exchange_js": 0.0010638982057571411, "p_ab_correct": 0.6091123819351196, "p_ba_correct": 0.5636889338493347, "rehearsal": 0.2030670940876007}
{"step": 208, "loss": 0.7553373575210571, "grad_norm": 2.1970603466033936, "sft": 0.03643937408924103, "candidate_ce": 0.46011683344841003, "exchange_js": 3.4168362617492676e-05, "p_ab_correct": 0.6272345781326294, "p_ba_correct": 0.6352104544639587, "rehearsal": 0.5175622701644897}
{"step": 212, "loss": 1.030824713408947, "grad_norm": 3.189911127090454, "sft": 0.4272085428237915, "candidate_ce": 0.5076873302459717, "exchange_js": 0.011022999882698059, "p_ab_correct": 0.678608775138855, "p_ba_correct": 0.5338373780250549, "rehearsal": 0.19185768067836761}
{"step": 216, "loss": 0.8058186918497086, "grad_norm": 3.495117425918579, "sft": 0.16063721477985382, "candidate_ce": 0.5082271695137024, "exchange_js": 0.0004053562879562378, "p_ab_correct": 0.5877847671508789, "p_ba_correct": 0.6156603097915649, "rehearsal": 0.2739086449146271}
{"step": 220, "loss": 0.5809830352663994, "grad_norm": 2.2494051456451416, "sft": 0.038752906024456024, "candidate_ce": 0.4520840048789978, "exchange_js": 0.0001243799924850464, "p_ab_correct": 0.6287584900856018, "p_ba_correct": 0.6439334154129028, "rehearsal": 0.18029223382472992}
{"step": 224, "loss": 0.5415427498519421, "grad_norm": 2.4155139923095703, "sft": 0.028732117265462875, "candidate_ce": 0.46154338121414185, "exchange_js": 0.0017408430576324463, "p_ab_correct": 0.6024900674819946, "p_ba_correct": 0.6594147086143494, "rehearsal": 0.10253449529409409}
{"step": 228, "loss": 0.8108970820903778, "grad_norm": 3.705644369125366, "sft": 0.2746269702911377, "candidate_ce": 0.4829050898551941, "exchange_js": 0.0052648186683654785, "p_ab_correct": 0.5692146420478821, "p_ba_correct": 0.6687716841697693, "rehearsal": 0.10673004388809204}
{"step": 232, "loss": 1.035944789648056, "grad_norm": 4.608597278594971, "sft": 0.23599611222743988, "candidate_ce": 0.5367016196250916, "exchange_js": 0.008912846446037292, "p_ab_correct": 0.5227458477020264, "p_ba_correct": 0.6539375185966492, "rehearsal": 0.5264940857887268}
{"step": 236, "loss": 0.6925644129514694, "grad_norm": 3.5253472328186035, "sft": 0.10776718705892563, "candidate_ce": 0.43026959896087646, "exchange_js": 0.00012843310832977295, "p_ab_correct": 0.6427355408668518, "p_ba_correct": 0.6580218076705933, "rehearsal": 0.30905529856681824}
{"step": 240, "loss": 0.743574321269989, "grad_norm": 3.8580400943756104, "sft": 0.22371453046798706, "candidate_ce": 0.41935428977012634, "exchange_js": 0.0012099891901016235, "p_ab_correct": 0.6812166571617126, "p_ba_correct": 0.6345534920692444, "rehearsal": 0.201011061668396}
{"step": 244, "loss": 0.592098779976368, "grad_norm": 2.077101469039917, "sft": 0.09002399444580078, "candidate_ce": 0.43795549869537354, "exchange_js": 0.00032563507556915283, "p_ab_correct": 0.6332629323005676, "p_ba_correct": 0.6576769351959229, "rehearsal": 0.12823857367038727}
{"step": 248, "loss": 0.5320592150092125, "grad_norm": 3.1355035305023193, "sft": 0.08106039464473724, "candidate_ce": 0.38511621952056885, "exchange_js": 0.00021457672119140625, "p_ab_correct": 0.6901004910469055, "p_ba_correct": 0.670779824256897, "rehearsal": 0.13176517188549042}
{"step": 252, "loss": 0.9301400035619736, "grad_norm": 3.542842149734497, "sft": 0.38985371589660645, "candidate_ce": 0.48671454191207886, "exchange_js": 0.02439601719379425, "p_ab_correct": 0.7302437424659729, "p_ba_correct": 0.5173414349555969, "rehearsal": 0.10714349150657654}
{"step": 256, "loss": 0.9719342440366745, "grad_norm": 8.21689510345459, "sft": 0.16384448111057281, "candidate_ce": 0.6534261703491211, "exchange_js": 0.018753796815872192, "p_ab_correct": 0.6254715919494629, "p_ba_correct": 0.432746559381485, "rehearsal": 0.30932721495628357}
/root/autodl-tmp/SpotSound-ICASSP/env-conda/lib/python3.10/site-packages/peft/utils/save_and_load.py:295: UserWarning: Could not find a config file in audio-flamingo-3-hf - will assume that the vocabulary was not modified.
  warnings.warn(
{
  "mode": "rbee",
  "steps": 256,
  "learning_rate": 5e-06,
  "temperature": 1.0,
  "method_weight": 1.0,
  "exchange_weight": 0.0,
  "rehearsal_weight": 0.5,
  "margin": 0.2,
  "seed": 0,
  "relation_pairs": 512,
  "rehearsal_examples": 512,
  "trainable_parameters": 20185088,
  "elapsed_seconds": 1708.0054881414399,
  "peak_gpu_memory_mib": 18645.02099609375,
  "final_event": {
    "step": 256,
    "loss": 0.9719342440366745,
    "grad_norm": 8.21689510345459,
    "sft": 0.16384448111057281,
    "candidate_ce": 0.6534261703491211,
    "exchange_js": 0.018753796815872192,
    "p_ab_correct": 0.6254715919494629,
    "p_ba_correct": 0.432746559381485,
    "rehearsal": 0.30932721495628357
  },
  "output_adapter": "/root/autodl-tmp/SpotSound-ICASSP/outputs/reltwin_review_controls_20260912/no_exchange_seed0/adapter"
}
