Loading weights:   0%|          | 0/830 [00:00<?, ?it/s]Loading weights:  75%|███████▌  | 626/830 [00:00<00:00, 6176.73it/s]Loading weights: 100%|██████████| 830/830 [00:00<00:00, 5790.26it/s]
{"step": 1, "loss": 1.8677501529455185, "grad_norm": 4.009474754333496, "sft": 1.0032002925872803, "candidate_ce": 0.6229434013366699, "exchange_js": 0.0012884736061096191, "p_ab_correct": 0.5116537809371948, "p_ba_correct": 0.5622662901878357, "rehearsal": 0.4832129180431366}
{"step": 4, "loss": 1.9098398089408875, "grad_norm": 4.456140041351318, "sft": 0.9795743227005005, "candidate_ce": 0.6654118895530701, "exchange_js": 1.4901161193847656e-08, "p_ab_correct": 0.514045774936676, "p_ba_correct": 0.5140777230262756, "rehearsal": 0.5297073125839233}
{"step": 8, "loss": 1.5708481669425964, "grad_norm": 7.040616512298584, "sft": 0.6799893379211426, "candidate_ce": 0.609717845916748, "exchange_js": 0.0021821707487106323, "p_ab_correct": 0.5116101503372192, "p_ba_correct": 0.5773864984512329, "rehearsal": 0.5622819662094116}
{"step": 12, "loss": 1.9698306024074554, "grad_norm": 4.871795654296875, "sft": 0.9768842458724976, "candidate_ce": 0.6967358589172363, "exchange_js": 0.020583122968673706, "p_ab_correct": 0.6094431281089783, "p_ba_correct": 0.40727680921554565, "rehearsal": 0.5924209952354431}
{"step": 16, "loss": 1.843360722064972, "grad_norm": 5.347836494445801, "sft": 0.8503949642181396, "candidate_ce": 0.6328176259994507, "exchange_js": 0.0001996457576751709, "p_ab_correct": 0.5411597490310669, "p_ba_correct": 0.5212140679359436, "rehearsal": 0.7202962636947632}
{"step": 20, "loss": 1.754856139421463, "grad_norm": 5.115629196166992, "sft": 0.7965388298034668, "candidate_ce": 0.6761122941970825, "exchange_js": 0.002986326813697815, "p_ab_correct": 0.47143957018852234, "p_ba_correct": 0.5486688613891602, "rehearsal": 0.5644100308418274}
{"step": 24, "loss": 1.4679226875305176, "grad_norm": 4.885022163391113, "sft": 0.6097346544265747, "candidate_ce": 0.6248922348022461, "exchange_js": 0.0021672099828720093, "p_ab_correct": 0.5691429972648621, "p_ba_correct": 0.5035053491592407, "rehearsal": 0.46659159660339355}
{"step": 28, "loss": 1.6037045121192932, "grad_norm": 3.282249927520752, "sft": 0.6254719495773315, "candidate_ce": 0.626750111579895, "exchange_js": 0.0039481669664382935, "p_ab_correct": 0.49187275767326355, "p_ba_correct": 0.5804421901702881, "rehearsal": 0.7029649019241333}
{"step": 32, "loss": 1.5995919704437256, "grad_norm": 3.868537425994873, "sft": 0.661980390548706, "candidate_ce": 0.6561052799224854, "exchange_js": 0.010714948177337646, "p_ab_correct": 0.4509967863559723, "p_ba_correct": 0.5969538688659668, "rehearsal": 0.5630125999450684}
{"step": 36, "loss": 1.8383754342794418, "grad_norm": 3.430398464202881, "sft": 0.9522510766983032, "candidate_ce": 0.6444177627563477, "exchange_js": 3.7044286727905273e-05, "p_ab_correct": 0.5292824506759644, "p_ba_correct": 0.5206889510154724, "rehearsal": 0.4834131896495819}
{"step": 40, "loss": 1.7009139657020569, "grad_norm": 3.4391167163848877, "sft": 0.6428781151771545, "candidate_ce": 0.6914958953857422, "exchange_js": 0.018237531185150146, "p_ab_correct": 0.4146086573600769, "p_ba_correct": 0.6049729585647583, "rehearsal": 0.7330800294876099}
{"step": 44, "loss": 1.4452973008155823, "grad_norm": 5.299398422241211, "sft": 0.527626097202301, "candidate_ce": 0.6580513715744019, "exchange_js": 0.02199491858482361, "p_ab_correct": 0.6325708627700806, "p_ba_correct": 0.42395004630088806, "rehearsal": 0.5192395448684692}
{"step": 48, "loss": 1.4009270519018173, "grad_norm": 3.363682508468628, "sft": 0.5451804399490356, "candidate_ce": 0.6469924449920654, "exchange_js": 0.007648497819900513, "p_ab_correct": 0.4655681252479553, "p_ba_correct": 0.5889064073562622, "rehearsal": 0.4175083339214325}
{"step": 52, "loss": 1.8302125036716461, "grad_norm": 3.3172996044158936, "sft": 0.7908663749694824, "candidate_ce": 0.6656825542449951, "exchange_js": 0.006626546382904053, "p_ab_correct": 0.5745882987976074, "p_ba_correct": 0.4596621096134186, "rehearsal": 0.7473271489143372}
{"step": 56, "loss": 1.4999128878116608, "grad_norm": 3.4123239517211914, "sft": 0.6664047241210938, "candidate_ce": 0.6184931993484497, "exchange_js": 0.0027562379837036133, "p_ab_correct": 0.5770105719566345, "p_ba_correct": 0.5030369758605957, "rehearsal": 0.4300299286842346}
{"step": 60, "loss": 1.3815380036830902, "grad_norm": 3.652294158935547, "sft": 0.5529245734214783, "candidate_ce": 0.6427327394485474, "exchange_js": 0.0009800195693969727, "p_ab_correct": 0.5484195351600647, "p_ba_correct": 0.5042158365249634, "rehearsal": 0.3717615008354187}
{"step": 64, "loss": 1.17904494702816, "grad_norm": 3.3331592082977295, "sft": 0.4214160442352295, "candidate_ce": 0.563430666923523, "exchange_js": 0.0038367658853530884, "p_ab_correct": 0.6142259836196899, "p_ba_correct": 0.527572512626648, "rehearsal": 0.3883964717388153}
{"step": 68, "loss": 1.5639467239379883, "grad_norm": 5.52169942855835, "sft": 0.5244241952896118, "candidate_ce": 0.661655843257904, "exchange_js": 0.006162598729133606, "p_ab_correct": 0.4635508060455322, "p_ba_correct": 0.5743752717971802, "rehearsal": 0.7557334899902344}
{"step": 72, "loss": 1.3257471919059753, "grad_norm": 3.929980993270874, "sft": 0.3761749863624573, "candidate_ce": 0.618464469909668, "exchange_js": 0.0008293390274047852, "p_ab_correct": 0.5594514012336731, "p_ba_correct": 0.5188552737236023, "rehearsal": 0.6622154712677002}
{"step": 76, "loss": 1.7029916942119598, "grad_norm": 4.7438859939575195, "sft": 0.804763674736023, "candidate_ce": 0.6669341325759888, "exchange_js": 1.7911195755004883e-05, "p_ab_correct": 0.5162866711616516, "p_ba_correct": 0.5102905035018921, "rehearsal": 0.46258777379989624}
{"step": 80, "loss": 1.1008356660604477, "grad_norm": 2.6968886852264404, "sft": 0.25515317916870117, "candidate_ce": 0.603881299495697, "exchange_js": 5.960464477539063e-08, "p_ab_correct": 0.5465757250785828, "p_ba_correct": 0.546795666217804, "rehearsal": 0.483602374792099}
{"step": 84, "loss": 1.2298505455255508, "grad_norm": 3.5157458782196045, "sft": 0.3749101758003235, "candidate_ce": 0.619318962097168, "exchange_js": 0.005128845572471619, "p_ab_correct": 0.5910958051681519, "p_ba_correct": 0.4902397394180298, "rehearsal": 0.4712428152561188}
{"step": 88, "loss": 1.0549728125333786, "grad_norm": 3.297553539276123, "sft": 0.3089696168899536, "candidate_ce": 0.5722326636314392, "exchange_js": 0.0004824697971343994, "p_ab_correct": 0.5490732789039612, "p_ba_correct": 0.5798754096031189, "rehearsal": 0.34754106402397156}
{"step": 92, "loss": 1.4453430771827698, "grad_norm": 2.8488824367523193, "sft": 0.6463030576705933, "candidate_ce": 0.613996148109436, "exchange_js": 0.004070505499839783, "p_ab_correct": 0.5879594683647156, "p_ba_correct": 0.49812957644462585, "rehearsal": 0.37008774280548096}
{"step": 96, "loss": 1.06451116502285, "grad_norm": 3.3049051761627197, "sft": 0.22156262397766113, "candidate_ce": 0.639549970626831, "exchange_js": 0.005273193120956421, "p_ab_correct": 0.5812190771102905, "p_ba_correct": 0.4787999391555786, "rehearsal": 0.4067971408367157}
{"step": 100, "loss": 1.5305288434028625, "grad_norm": 3.3384957313537598, "sft": 0.5872721672058105, "candidate_ce": 0.586029052734375, "exchange_js": 0.009655281901359558, "p_ab_correct": 0.4919273257255554, "p_ba_correct": 0.6296232342720032, "rehearsal": 0.714455246925354}
{"step": 104, "loss": 1.3930369317531586, "grad_norm": 2.939291000366211, "sft": 0.5604705810546875, "candidate_ce": 0.5596084594726562, "exchange_js": 0.002185925841331482, "p_ab_correct": 0.539668619632721, "p_ba_correct": 0.6050664782524109, "rehearsal": 0.5459157824516296}
{"step": 108, "loss": 1.2328419536352158, "grad_norm": 2.6623826026916504, "sft": 0.4292239546775818, "candidate_ce": 0.6204736232757568, "exchange_js": 0.0020699650049209595, "p_ab_correct": 0.5065810084342957, "p_ba_correct": 0.5707087516784668, "rehearsal": 0.3662886321544647}
{"step": 112, "loss": 1.3876457214355469, "grad_norm": 2.8358688354492188, "sft": 0.5788160562515259, "candidate_ce": 0.6626060009002686, "exchange_js": 0.003674253821372986, "p_ab_correct": 0.5600906014442444, "p_ba_correct": 0.47447076439857483, "rehearsal": 0.2924473285675049}
{"step": 116, "loss": 1.1018226593732834, "grad_norm": 2.7493863105773926, "sft": 0.3263356387615204, "candidate_ce": 0.6310430765151978, "exchange_js": 0.007035776972770691, "p_ab_correct": 0.4762154519557953, "p_ba_correct": 0.594400942325592, "rehearsal": 0.2888878285884857}
{"step": 120, "loss": 1.1536999195814133, "grad_norm": 3.5944714546203613, "sft": 0.4145644009113312, "candidate_ce": 0.5748399496078491, "exchange_js": 0.004999592900276184, "p_ab_correct": 0.5154403448104858, "p_ba_correct": 0.6145001649856567, "rehearsal": 0.3285911977291107}
{"step": 124, "loss": 1.130230724811554, "grad_norm": 3.4737579822540283, "sft": 0.3416993021965027, "candidate_ce": 0.6059017181396484, "exchange_js": 0.0015787333250045776, "p_ab_correct": 0.5183309316635132, "p_ba_correct": 0.574266254901886, "rehearsal": 0.36525940895080566}
{"step": 128, "loss": 1.1275027394294739, "grad_norm": 3.8472845554351807, "sft": 0.2960069179534912, "candidate_ce": 0.5574945211410522, "exchange_js": 0.00031663477420806885, "p_ab_correct": 0.5852243304252625, "p_ba_correct": 0.5603302121162415, "rehearsal": 0.5480026006698608}
{"step": 132, "loss": 1.0896030142903328, "grad_norm": 2.767235279083252, "sft": 0.460226833820343, "candidate_ce": 0.5227118730545044, "exchange_js": 0.00013002753257751465, "p_ab_correct": 0.5850395560264587, "p_ba_correct": 0.6008872985839844, "rehearsal": 0.21332861483097076}
{"step": 136, "loss": 1.1266139894723892, "grad_norm": 3.385707378387451, "sft": 0.37893146276474, "candidate_ce": 0.56813645362854, "exchange_js": 0.007896676659584045, "p_ab_correct": 0.5078477263450623, "p_ba_correct": 0.63210529088974, "rehearsal": 0.3590921461582184}
{"step": 140, "loss": 1.4949807226657867, "grad_norm": 2.913224697113037, "sft": 0.5849818587303162, "candidate_ce": 0.633404552936554, "exchange_js": 0.001007571816444397, "p_ab_correct": 0.5088566541671753, "p_ba_correct": 0.5536513328552246, "rehearsal": 0.5531886219978333}
{"step": 144, "loss": 1.2539347112178802, "grad_norm": 2.8433408737182617, "sft": 0.34940701723098755, "candidate_ce": 0.5528438091278076, "exchange_js": 0.0011380761861801147, "p_ab_correct": 0.5993678569793701, "p_ba_correct": 0.5522204637527466, "rehearsal": 0.7033677697181702}
{"step": 148, "loss": 0.8679020628333092, "grad_norm": 3.3591220378875732, "sft": 0.2168966829776764, "candidate_ce": 0.5306392908096313, "exchange_js": 0.0030612945556640625, "p_ab_correct": 0.6279548406600952, "p_ba_correct": 0.5510159730911255, "rehearsal": 0.24073223769664764}
{"step": 152, "loss": 0.7597537338733673, "grad_norm": 3.642479658126831, "sft": 0.12310068309307098, "candidate_ce": 0.5477809906005859, "exchange_js": 0.00047995150089263916, "p_ab_correct": 0.5631362199783325, "p_ba_correct": 0.5937313437461853, "rehearsal": 0.1777440905570984}
{"step": 156, "loss": 0.9382998794317245, "grad_norm": 4.333606243133545, "sft": 0.24847522377967834, "candidate_ce": 0.5309689044952393, "exchange_js": 0.0029576867818832397, "p_ab_correct": 0.5514325499534607, "p_ba_correct": 0.6270668506622314, "rehearsal": 0.31771156191825867}
{"step": 160, "loss": 0.9562278836965561, "grad_norm": 2.585587978363037, "sft": 0.22888241708278656, "candidate_ce": 0.5625986456871033, "exchange_js": 0.00825566053390503, "p_ab_correct": 0.5097901821136475, "p_ba_correct": 0.6367098093032837, "rehearsal": 0.32949361205101013}
{"step": 164, "loss": 0.7678888738155365, "grad_norm": 2.6063807010650635, "sft": 0.14263667166233063, "candidate_ce": 0.5211015939712524, "exchange_js": 0.000591471791267395, "p_ab_correct": 0.5772181749343872, "p_ba_correct": 0.6109939813613892, "rehearsal": 0.20830124616622925}
{"step": 168, "loss": 1.1356016844511032, "grad_norm": 3.0079448223114014, "sft": 0.47230780124664307, "candidate_ce": 0.5633233785629272, "exchange_js": 2.4780631065368652e-05, "p_ab_correct": 0.5728087425231934, "p_ba_correct": 0.5658403038978577, "rehearsal": 0.1999410092830658}
{"step": 172, "loss": 0.8950685560703278, "grad_norm": 4.208157062530518, "sft": 0.15880537033081055, "candidate_ce": 0.5269736051559448, "exchange_js": 0.002007201313972473, "p_ab_correct": 0.5600736737251282, "p_ba_correct": 0.6223452091217041, "rehearsal": 0.4185791611671448}
{"step": 176, "loss": 0.7598915919661522, "grad_norm": 5.154669761657715, "sft": 0.17096801102161407, "candidate_ce": 0.4948960542678833, "exchange_js": 0.0008105039596557617, "p_ab_correct": 0.5903155207633972, "p_ba_correct": 0.6295852065086365, "rehearsal": 0.18805508315563202}
{"step": 180, "loss": 0.9749729633331299, "grad_norm": 5.476434230804443, "sft": 0.19270142912864685, "candidate_ce": 0.5482676029205322, "exchange_js": 0.00509411096572876, "p_ab_correct": 0.530319094657898, "p_ba_correct": 0.6298592686653137, "rehearsal": 0.46800780296325684}
{"step": 184, "loss": 1.2838660776615143, "grad_norm": 5.104184150695801, "sft": 0.49512243270874023, "candidate_ce": 0.531337559223175, "exchange_js": 0.009229928255081177, "p_ab_correct": 0.5249199271202087, "p_ba_correct": 0.6582532525062561, "rehearsal": 0.5148122906684875}
{"step": 188, "loss": 0.8382043167948723, "grad_norm": 3.245312213897705, "sft": 0.26432207226753235, "candidate_ce": 0.4886327087879181, "exchange_js": 0.00027042627334594727, "p_ab_correct": 0.6248932480812073, "p_ba_correct": 0.6022449731826782, "rehearsal": 0.1704990714788437}
{"step": 192, "loss": 0.9474301710724831, "grad_norm": 9.842507362365723, "sft": 0.2689533829689026, "candidate_ce": 0.5919028520584106, "exchange_js": 0.012063160538673401, "p_ab_correct": 0.4816371500492096, "p_ba_correct": 0.6355646252632141, "rehearsal": 0.17314787209033966}
{"step": 196, "loss": 1.0383548736572266, "grad_norm": 3.902925968170166, "sft": 0.14711736142635345, "candidate_ce": 0.538820743560791, "exchange_js": 0.0059163570404052734, "p_ab_correct": 0.639406681060791, "p_ba_correct": 0.5323644280433655, "rehearsal": 0.7048335075378418}
{"step": 200, "loss": 0.9167111590504646, "grad_norm": 3.2218642234802246, "sft": 0.32654666900634766, "candidate_ce": 0.4913365840911865, "exchange_js": 0.0006059259176254272, "p_ab_correct": 0.5950818657875061, "p_ba_correct": 0.6290044784545898, "rehearsal": 0.1976558119058609}
{"step": 204, "loss": 1.129491537809372, "grad_norm": 5.056774616241455, "sft": 0.4070916175842285, "candidate_ce": 0.5076357126235962, "exchange_js": 0.0037366747856140137, "p_ab_correct": 0.6456578969955444, "p_ba_correct": 0.5611394047737122, "rehearsal": 0.4295284152030945}
{"step": 208, "loss": 0.7490456998348236, "grad_norm": 2.9111487865448, "sft": 0.11327330023050308, "candidate_ce": 0.5129909515380859, "exchange_js": 0.0024071037769317627, "p_ab_correct": 0.6336458325386047, "p_ba_correct": 0.5656855702400208, "rehearsal": 0.2455628514289856}
{"step": 212, "loss": 0.9225679561495781, "grad_norm": 3.776883602142334, "sft": 0.289594441652298, "candidate_ce": 0.5672669410705566, "exchange_js": 0.014698415994644165, "p_ab_correct": 0.4887719452381134, "p_ba_correct": 0.6579182744026184, "rehearsal": 0.13141320645809174}
{"step": 216, "loss": 1.043053925037384, "grad_norm": 3.7460458278656006, "sft": 0.2873843312263489, "candidate_ce": 0.6668379306793213, "exchange_js": 0.014239400625228882, "p_ab_correct": 0.4360664486885071, "p_ba_correct": 0.6042814254760742, "rehearsal": 0.17766332626342773}
{"step": 220, "loss": 1.1803798973560333, "grad_norm": 3.8943376541137695, "sft": 0.49269285798072815, "candidate_ce": 0.45549100637435913, "exchange_js": 0.015584580600261688, "p_ab_correct": 0.7241957187652588, "p_ba_correct": 0.5552768707275391, "rehearsal": 0.4643920063972473}
{"step": 224, "loss": 0.9348839670419693, "grad_norm": 3.201045036315918, "sft": 0.17174413800239563, "candidate_ce": 0.5277279615402222, "exchange_js": 0.0015752166509628296, "p_ab_correct": 0.5629969239234924, "p_ba_correct": 0.6181805729866028, "rehearsal": 0.4708237946033478}
{"step": 228, "loss": 0.894523948431015, "grad_norm": 2.717433452606201, "sft": 0.14098483324050903, "candidate_ce": 0.47714054584503174, "exchange_js": 0.003313019871711731, "p_ab_correct": 0.5823612213134766, "p_ba_correct": 0.6612544059753418, "rehearsal": 0.5527971386909485}
{"step": 232, "loss": 0.855622798204422, "grad_norm": 2.6493780612945557, "sft": 0.1247774139046669, "candidate_ce": 0.42064327001571655, "exchange_js": 0.005207248032093048, "p_ab_correct": 0.6100644469261169, "p_ba_correct": 0.7067375779151917, "rehearsal": 0.6204041838645935}
{"step": 236, "loss": 0.6973461210727692, "grad_norm": 3.9716415405273438, "sft": 0.1692700982093811, "candidate_ce": 0.4529833197593689, "exchange_js": 0.0019979327917099, "p_ab_correct": 0.6060618162155151, "p_ba_correct": 0.6668478846549988, "rehearsal": 0.15018540620803833}
{"step": 240, "loss": 0.6477318927645683, "grad_norm": 3.364459753036499, "sft": 0.08548136055469513, "candidate_ce": 0.4894256591796875, "exchange_js": 8.194148540496826e-05, "p_ab_correct": 0.6067755222320557, "p_ba_correct": 0.6192445755004883, "rehearsal": 0.1456497758626938}
{"step": 244, "loss": 0.7621608227491379, "grad_norm": 3.427255630493164, "sft": 0.12937138974666595, "candidate_ce": 0.461002379655838, "exchange_js": 0.007940888404846191, "p_ab_correct": 0.5729411840438843, "p_ba_correct": 0.6941741108894348, "rehearsal": 0.3435741364955902}
{"step": 248, "loss": 0.7129187770187855, "grad_norm": 6.87347936630249, "sft": 0.1443530023097992, "candidate_ce": 0.5340314507484436, "exchange_js": 0.0015448927879333496, "p_ab_correct": 0.6142376065254211, "p_ba_correct": 0.5595124363899231, "rehearsal": 0.06906870752573013}
{"step": 252, "loss": 0.6877761408686638, "grad_norm": 4.103911876678467, "sft": 0.15412384271621704, "candidate_ce": 0.4790456295013428, "exchange_js": 0.0004072338342666626, "p_ab_correct": 0.6333834528923035, "p_ba_correct": 0.6056748628616333, "rehearsal": 0.10921333730220795}
{"step": 256, "loss": 1.0393384844064713, "grad_norm": 4.68613338470459, "sft": 0.2854486405849457, "candidate_ce": 0.5232886075973511, "exchange_js": 0.012753874063491821, "p_ab_correct": 0.519573450088501, "p_ba_correct": 0.675818920135498, "rehearsal": 0.4612024128437042}
/root/autodl-tmp/SpotSound-ICASSP/env-conda/lib/python3.10/site-packages/peft/utils/save_and_load.py:295: UserWarning: Could not find a config file in audio-flamingo-3-hf - will assume that the vocabulary was not modified.
  warnings.warn(
{
  "mode": "rbee",
  "steps": 256,
  "learning_rate": 5e-06,
  "temperature": 1.0,
  "method_weight": 1.0,
  "exchange_weight": 0.0,
  "rehearsal_weight": 0.5,
  "margin": 0.2,
  "seed": 1,
  "relation_pairs": 512,
  "rehearsal_examples": 512,
  "trainable_parameters": 20185088,
  "elapsed_seconds": 1731.2766960849985,
  "peak_gpu_memory_mib": 18648.9296875,
  "final_event": {
    "step": 256,
    "loss": 1.0393384844064713,
    "grad_norm": 4.68613338470459,
    "sft": 0.2854486405849457,
    "candidate_ce": 0.5232886075973511,
    "exchange_js": 0.012753874063491821,
    "p_ab_correct": 0.519573450088501,
    "p_ba_correct": 0.675818920135498,
    "rehearsal": 0.4612024128437042
  },
  "output_adapter": "/root/autodl-tmp/SpotSound-ICASSP/outputs/reltwin_review_controls_20260912/no_exchange_seed1/adapter"
}
