Loading weights:   0%|          | 0/830 [00:00<?, ?it/s]Loading weights: 100%|██████████| 830/830 [00:00<00:00, 9007.01it/s]
{"status": "ok", "index": 0, "audio": "esc_test_10000_v0.wav", "query": "crying baby followed by dog", "ground_truth": [[1.5, 11.75]], "raw_answer": "from 1.500s to 8.500s", "prediction": [[1.5, 8.5]], "iou": 0.6829268292682927, "duration_seconds": 27.0, "input_tokens": 994, "inference_seconds": 1.2845035260543227, "peak_gpu_memory_mib": 15971.7529296875, "benchmark": null, "benchmark_id": null, "category": null, "hardcase_tags": []}
{"status": "ok", "index": 1, "audio": "esc_test_10000_v0.wav", "query": "dog followed by crying baby", "ground_truth": [[14.75, 25.0]], "raw_answer": "from 15.500s to 25.000s", "prediction": [[15.5, 25.0]], "iou": 0.926829268292683, "duration_seconds": 27.0, "input_tokens": 994, "inference_seconds": 0.674526465125382, "peak_gpu_memory_mib": 15971.7607421875, "benchmark": null, "benchmark_id": null, "category": null, "hardcase_tags": []}
{"status": "ok", "index": 2, "audio": "esc_test_10000_v0.wav", "query": "crying baby, and then dog", "ground_truth": [[1.5, 11.75]], "raw_answer": "from 1.500s to 8.000s", "prediction": [[1.5, 8.0]], "iou": 0.6341463414634146, "duration_seconds": 27.0, "input_tokens": 995, "inference_seconds": 0.6241153506562114, "peak_gpu_memory_mib": 15971.9521484375, "benchmark": null, "benchmark_id": null, "category": null, "hardcase_tags": []}
{"status": "ok", "index": 3, "audio": "esc_test_10000_v0.wav", "query": "dog, and then crying baby", "ground_truth": [[14.75, 25.0]], "raw_answer": "from 15.500s to 25.000s", "prediction": [[15.5, 25.0]], "iou": 0.926829268292683, "duration_seconds": 27.0, "input_tokens": 995, "inference_seconds": 0.6814335780218244, "peak_gpu_memory_mib": 15971.9521484375, "benchmark": null, "benchmark_id": null, "category": null, "hardcase_tags": []}
{"status": "ok", "index": 4, "audio": "esc_test_10000_v1.wav", "query": "crying baby followed by dog", "ground_truth": [[17.65, 28.3]], "raw_answer": "from 7.900s to 24.350s", "prediction": [[7.9, 24.35]], "iou": 0.3284313725490197, "duration_seconds": 30.3, "input_tokens": 1099, "inference_seconds": 0.7011076286435127, "peak_gpu_memory_mib": 15993.1162109375, "benchmark": null, "benchmark_id": null, "category": null, "hardcase_tags": []}
{"status": "ok", "index": 5, "audio": "esc_test_10000_v1.wav", "query": "dog followed by crying baby", "ground_truth": [[2.0, 12.65]], "raw_answer": "from 2.056s to 12.056s", "prediction": [[2.056, 12.056]], "iou": 0.9389671361502349, "duration_seconds": 30.3, "input_tokens": 1099, "inference_seconds": 0.6942564509809017, "peak_gpu_memory_mib": 15993.1171875, "benchmark": null, "benchmark_id": null, "category": null, "hardcase_tags": []}
{"status": "ok", "index": 6, "audio": "esc_test_10000_v1.wav", "query": "crying baby, and then dog", "ground_truth": [[17.65, 28.3]], "raw_answer": "from 7.900s to 24.350s", "prediction": [[7.9, 24.35]], "iou": 0.3284313725490197, "duration_seconds": 30.3, "input_tokens": 1100, "inference_seconds": 0.6974201677367091, "peak_gpu_memory_mib": 15993.3076171875, "benchmark": null, "benchmark_id": null, "category": null, "hardcase_tags": []}
{"status": "ok", "index": 7, "audio": "esc_test_10000_v1.wav", "query": "dog, and then crying baby", "ground_truth": [[2.0, 12.65]], "raw_answer": "from 2.000s to 12.000s", "prediction": [[2.0, 12.0]], "iou": 0.9389671361502349, "duration_seconds": 30.3, "input_tokens": 1100, "inference_seconds": 0.6933080451563001, "peak_gpu_memory_mib": 15993.3076171875, "benchmark": null, "benchmark_id": null, "category": null, "hardcase_tags": []}
{"status": "ok", "index": 8, "audio": "esc_test_10001_v0.wav", "query": "crying baby followed by keyboard typing", "ground_truth": [[1.5, 11.75]], "raw_answer": "from 1.750s to 11.750s", "prediction": [[1.75, 11.75]], "iou": 0.975609756097561, "duration_seconds": 27.0, "input_tokens": 995, "inference_seconds": 0.6365738734602928, "peak_gpu_memory_mib": 15971.953125, "benchmark": null, "benchmark_id": null, "category": null, "hardcase_tags": []}
{"status": "ok", "index": 9, "audio": "esc_test_10001_v0.wav", "query": "keyboard typing followed by crying baby", "ground_truth": [[14.75, 25.0]], "raw_answer": "from 14.750s to 25.000s", "prediction": [[14.75, 25.0]], "iou": 1.0, "duration_seconds": 27.0, "input_tokens": 995, "inference_seconds": 0.6645072679966688, "peak_gpu_memory_mib": 15971.9521484375, "benchmark": null, "benchmark_id": null, "category": null, "hardcase_tags": []}
{
  "base": "/root/autodl-tmp/SpotSound-ICASSP/models/audio-flamingo-3-hf",
  "adapter": "/root/autodl-tmp/SpotSound-ICASSP/autoresearch/06_experiments/runs/reltwin_esc50_v1/rbee/adapter",
  "torch": "2.8.0+cu128",
  "device": "NVIDIA GeForce RTX 4080",
  "prompt_mode": "spotsound",
  "load_seconds": 55.41908657364547,
  "expected_count": 10,
  "completed_count": 10,
  "R1@0.3": 100.0,
  "R1@0.5": 80.0,
  "mIoU": 76.81138480813144,
  "mean_inference_seconds": 0.7351752353832126
}
