{"completed": "smoke_rbee_seed0/relation", "progress": [1, 50]}
{"completed": "smoke_rbee_seed0/public", "progress": [2, 50]}
{"completed": "no_exchange_seed0/train", "progress": [3, 50]}
{"completed": "no_exchange_seed0/relation", "progress": [4, 50]}
{"completed": "no_exchange_seed0/relation_analysis", "progress": [5, 50]}
{"completed": "no_exchange_seed0/public", "progress": [6, 50]}
{"completed": "rbee_seed0/relation", "progress": [7, 50]}
{"completed": "rbee_seed0/relation_analysis", "progress": [8, 50]}
{"completed": "rbee_seed0/public", "progress": [9, 50]}
{"completed": "no_exchange_seed1/train", "progress": [10, 50]}
{"completed": "no_exchange_seed1/relation", "progress": [11, 50]}
{"completed": "no_exchange_seed1/relation_analysis", "progress": [12, 50]}
{"completed": "no_exchange_seed1/public", "progress": [13, 50]}
{"completed": "rbee_seed1/relation", "progress": [14, 50]}
{"completed": "rbee_seed1/relation_analysis", "progress": [15, 50]}
{"completed": "rbee_seed1/public", "progress": [16, 50]}
{"completed": "no_exchange_seed2/train", "progress": [17, 50]}
{"completed": "no_exchange_seed2/relation", "progress": [18, 50]}
{"completed": "no_exchange_seed2/relation_analysis", "progress": [19, 50]}
{"completed": "no_exchange_seed2/public", "progress": [20, 50]}
{"completed": "rbee_seed2/relation", "progress": [21, 50]}
{"completed": "rbee_seed2/relation_analysis", "progress": [22, 50]}
{"completed": "rbee_seed2/public", "progress": [23, 50]}
{"completed": "continue_rbee_seed0/train", "progress": [24, 50]}
{"completed": "continue_rbee_seed0/relation", "progress": [25, 50]}
{"completed": "continue_rbee_seed0/relation_analysis", "progress": [26, 50]}
{"completed": "continue_rbee_seed0/public", "progress": [27, 50]}
{"completed": "setpo_seed0/relation", "progress": [28, 50]}
{"completed": "setpo_seed0/relation_analysis", "progress": [29, 50]}
{"completed": "setpo_seed0/public", "progress": [30, 50]}
{"completed": "continue_rbee_seed1/train", "progress": [31, 50]}
{"completed": "continue_rbee_seed1/relation", "progress": [32, 50]}
{"completed": "continue_rbee_seed1/relation_analysis", "progress": [33, 50]}
{"completed": "continue_rbee_seed1/public", "progress": [34, 50]}
{"completed": "setpo_seed1/relation", "progress": [35, 50]}
{"completed": "setpo_seed1/relation_analysis", "progress": [36, 50]}
{"completed": "setpo_seed1/public", "progress": [37, 50]}
{"completed": "continue_rbee_seed2/train", "progress": [38, 50]}
{"completed": "continue_rbee_seed2/relation", "progress": [39, 50]}
{"completed": "continue_rbee_seed2/relation_analysis", "progress": [40, 50]}
{"completed": "continue_rbee_seed2/public", "progress": [41, 50]}
{"completed": "setpo_seed2/relation", "progress": [42, 50]}
{"completed": "setpo_seed2/relation_analysis", "progress": [43, 50]}
{"completed": "setpo_seed2/public", "progress": [44, 50]}
{"completed": "official/relation", "progress": [45, 50]}
{"completed": "official/relation_analysis", "progress": [46, 50]}
{"completed": "official/public", "progress": [47, 50]}
{"completed": "sft_seed0/relation", "progress": [48, 50]}
{"completed": "sft_seed0/relation_analysis", "progress": [49, 50]}
{"completed": "sft_seed0/public", "progress": [50, 50]}
